// Jest Snapshot v1, https://goo.gl/fbAQLP

exports[`Pruebas en <HomeScreen /> Debe de mostrarse correctamente 1`] = `
Array [
  <h1>
    Home Screen
  </h1>,
  <hr />,
  <pre>
    {
   "name": "Camilo Vanegas",
   "email": "kamilo_vanegas@hotmail.com"
}
  </pre>,
]
`;
